[debug] [2026-10-09T10:05:08.035Z] ----------------------------------------------------------------------
[debug] [2026-10-09T10:05:08.038Z] Command:       /usr/local/bin/firebase /Users/bhavukarora/.cache/firebase/tools/lib/node_modules/firebase-tools/lib/bin/firebase projects:list
[debug] [2026-10-09T10:05:08.039Z] CLI Version:   15.17.0
[debug] [2026-10-09T10:05:08.039Z] Platform:      darwin
[debug] [2026-10-09T10:05:08.039Z] Node Version:  v20.18.2
[debug] [2026-10-09T10:05:08.039Z] Time:          Fri Oct 09 2026 15:35:08 GMT+0530 (India Standard Time)
[debug] [2026-10-09T10:05:08.040Z] ----------------------------------------------------------------------
[debug] 
[debug] [2026-10-09T10:05:08.042Z] >>> [apiv2][query] GET https://firebase-public.firebaseio.com/cli.json [none]
[debug] [2026-10-09T10:05:08.083Z] > command requires scopes: ["email","openid","https://www.googleapis.com/auth/cloudplatformprojects.readonly","https://www.googleapis.com/auth/firebase","https://www.googleapis.com/auth/cloud-platform"]
[debug] [2026-10-09T10:05:08.084Z] > authorizing via signed-in user (founder@fork.blue)
[debug] [2026-10-09T10:05:08.086Z] Checked if tokens are valid: false, expires at: 1788504084996
[debug] [2026-10-09T10:05:08.087Z] Checked if tokens are valid: false, expires at: 1788504084996
[debug] [2026-10-09T10:05:08.087Z] > refreshing access token with scopes: []
[debug] [2026-10-09T10:05:08.089Z] >>> [apiv2][query] POST https://www.googleapis.com/oauth2/v3/token [none]
[debug] [2026-10-09T10:05:08.089Z] >>> [apiv2][body] POST https://www.googleapis.com/oauth2/v3/token [omitted]
[debug] [2026-10-09T10:05:08.418Z] <<< [apiv2][status] POST https://www.googleapis.com/oauth2/v3/token 400
[debug] [2026-10-09T10:05:08.419Z] <<< [apiv2][body] POST https://www.googleapis.com/oauth2/v3/token [omitted]
[error] Authentication Error: Your credentials are no longer valid. Please run firebase login --reauth

For CI servers and headless environments, generate a new token with firebase login:ci
[error] Authentication Error: Your credentials are no longer valid. Please run firebase login --reauth

For CI servers and headless environments, generate a new token with firebase login:ci
[debug] [2026-10-09T10:05:08.421Z] Authentication Error: Your credentials are no longer valid. Please run firebase login --reauth

For CI servers and headless environments, generate a new token with firebase login:ci
[debug] [2026-10-09T10:05:08.715Z] FirebaseError: Authentication Error: Your credentials are no longer valid. Please run firebase login --reauth

For CI servers and headless environments, generate a new token with firebase login:ci
    at invalidCredentialError (/Users/bhavukarora/.cache/firebase/tools/lib/node_modules/firebase-tools/lib/auth.js:177:12)
    at refreshTokens (/Users/bhavukarora/.cache/firebase/tools/lib/node_modules/firebase-tools/lib/auth.js:590:15)
    at process.processTicksAndRejections (node:internal/process/task_queues:95:5)
    at async getAccessToken (/Users/bhavukarora/.cache/firebase/tools/lib/node_modules/firebase-tools/lib/apiv2.js:52:18)
    at async Client.addAuthHeader (/Users/bhavukarora/.cache/firebase/tools/lib/node_modules/firebase-tools/lib/apiv2.js:182:21)
    at async Client.request (/Users/bhavukarora/.cache/firebase/tools/lib/node_modules/firebase-tools/lib/apiv2.js:129:34)
    at async getProjectPage (/Users/bhavukarora/.cache/firebase/tools/lib/node_modules/firebase-tools/lib/management/projects.js:287:17)
    at async getFirebaseProjectPage (/Users/bhavukarora/.cache/firebase/tools/lib/node_modules/firebase-tools/lib/management/projects.js:304:23)
    at async listFirebaseProjects (/Users/bhavukarora/.cache/firebase/tools/lib/node_modules/firebase-tools/lib/management/projects.js:333:29)
    at async Command.actionFn (/Users/bhavukarora/.cache/firebase/tools/lib/node_modules/firebase-tools/lib/commands/projects-list.js:51:20)
[error] 
[error] Error: Failed to list Firebase projects. See firebase-debug.log for more info.
[debug] [2026-10-09T10:05:08.846Z] <<< [apiv2][status] GET https://firebase-public.firebaseio.com/cli.json 200
[debug] [2026-10-09T10:05:08.846Z] <<< [apiv2][body] GET https://firebase-public.firebaseio.com/cli.json {"cloudBuildErrorAfter":1594252800000,"cloudBuildWarnAfter":1590019200000,"defaultNode10After":1594252800000,"minVersion":"3.0.5","node8DeploysDisabledAfter":1613390400000,"node8RuntimeDisabledAfter":1615809600000,"node8WarnAfter":1600128000000}
